ERKALE - HF/DFT from Hel, OpenMP version, running on 8 cores.
(c) Susi Lehtola, 2010-2016.

This program is free software; you can redistribute it and/or modify
it under the terms of the GNU General Public License as published by
the Free Software Foundation; either version 2 of the License, or
(at your option) any later version.

At svn revision 2240.

Running on host silver.

Current time is Fri 11 Sep 2026 07:42:09.

Current Settings used by ERKALE:
     AtomGuess      	                Auto	Method used for atomic guess (Auto for same as method)
     Basis          	         aug-cc-pVTZ	Basis set used in calculation
     BasisCutoff    	           1.000e-08	Cutoff for dropping out small primitives from contraction
     BasisOrth      	                Auto	Method of orthonormalization of basis set
     BasisRotate    	               false	Rotate basis set to remove redundant functions?
     Charge         	                   0	Total charge of system
     CholDepThresh  	           1.000e-07	Partial Cholesky decomposition threshold
     CholeskyFile   	        cholesky.chk	Filename for the DF/CD integral cache (used when CholeskyMode != 0). Plain and range-separated entries coexist in the same file under distinct keys.
     CholeskyMode   	                   0	Save/load the DF/CD integral cache? 0 no, 1 save after fill, -1 load before fill (falls back to fill on mismatch). Useful for repeated runs that share orbital + auxiliary basis. Ignored when Direct=true.
     CholeskyShThr  	           1.000e-02	Cholesky cache threshold
     CholeskyThr    	           1.000e-07	Cholesky decomposition threshold
     ComplexBasis   	                true	Use complex basis?
     Confinement    	         0.0 0.0 0.0	Confinement potential V(r) = V_i x_i^2
     ConvThr        	           1.000e-06	Orbital gradient convergence threshold
     DFTBasisThr    	           1.000e-10	Threshold for screening basis functions on grid
     DFTCpars       	                    	Override parameters of correlation functional (expert)
     DFTDelta       	           1.000e+02	Switch to final DFT grid has converged within factor X
     DFTDensityThr  	           1.000e-10	Threshold for screening density on grid
     DFTFinalTol    	           1.000e-05	Tolerance of final DFT grid
     DFTGrid        	             75 -302	DFT integration grid to use: nrad lmax or Auto for adaptive
     DFTInitialTol  	           1.000e-04	Tolerance of initial DFT grid
     DFTLobatto     	               false	Use Lobatto quadrature instead of Lebedev quadrature?
     DFTQuadThresh  	           2.220e-16	Threshold for pruning points with small quadrature weight
     DFTXpars       	                    	Override parameters of exchange functional (expert)
     DIISComb       	               false	Combine alpha and beta errors in unrestricted calcs?
     DIISEps        	           1.000e-01	Start mixing in DIIS when error is
     DIISOrder      	                  10	How many DIIS iterations to keep in memory?
     DIISThr        	           1.000e-02	DIIS error threshold for DIIS updates
     DecFock        	               false	Use decontracted basis to calculate Fock matrix (direct HF)
     Decontract     	                    	Indices of atoms to decontract basis set for
     Direct         	               false	Calculate two-electron integrals (or density fitting) on-the-fly?
     EField         	         0.0 0.0 0.0	Electric field
     ErrorNorm      	                 rms	Error norm to use in the SCF code
     FittingBasis   	def2-universal-jkfit	Basis to use for density fitting / RI: a basis-set name, Auto (CD-derived auto-aux, Lehtola JCTC 17, 6886 (2021); uncontracted, lmax-pruned per FittingLmaxInc) or AutoABS (Eichkorn-style automatic aux, J-only)
     FittingCholeskyThreshold	           1.000e-08	Linear dependence threshold for pivoted Cholesky of Coulomb integrals in density fitting
     FittingLmaxInc 	                   1	Angular-momentum pruning increment for the CD-derived auto-aux: keep l <= max(2*l_occ, l_obs+l_occ+FittingLmaxInc) (Lehtola JCTC 19, 6242 (2023)); negative keeps all shells
     FittingThreshold	           1.000e-07	Linear dependence threshold for Coulomb integrals in density fitting
     Guess          	                core	Used guess: SAD (default), SADNO, core, GWH, SAP, or SAPfit
     HarmonicConfinement	           0.000e+00	Harmonic confinement strength k (potential 1/2 k r^2), 0 = off
     InputBohr      	               false	Use atomic units as input units instead of angstrom?
     IntegralThresh 	           1.000e-10	Integral screening threshold
     JKMethod       	            Cholesky	Coulomb/exchange build method: 4index (exact ERIs, in-core or Direct), RI (density fitting with a Gaussian auxiliary basis -- set FittingBasis), Cholesky (two-step pivoted Cholesky decomposition; Folkestad/Kjonstad/Koch JCP 150, 194112 (2019); exact at threshold) or CDFit (density fitting on a per-atom CD-derived auxiliary basis; Lehtola JCTC 17, 6886 (2021); exact only as the orbital basis becomes complete).
     Kgwh           	           1.750e+00	Scaling constant for GWH
     LinDepThresh   	           1.000e-05	Basis set linear dependency threshold
     LinearB        	           0.000e+00	Magnetic field along bond axis
     LinearE        	           0.000e+00	Electric field along bond (z) axis
     LinearFreeze   	               false	If using linear symmetry, freeze symmetry to input guess
     LinearOccupationFile	         linoccs.dat	File to read linear occupations from
     LinearOccupations	                   0	Read in occupations for linear molecule calculations?
     LinearSymmetry 	                true	Do special calculation on linear molecule along z axis
     LoadChk        	                    	Checkpoint file to load from
     Logfile        	          erkale.log	File to print out full information, stdout for screen
     MaxIter        	                 100	Maximum number of iterations in SCF cycle
     Method         	                  HF	Method used in calculation (HF or a DFT functional)
     Multiplicity   	                   4	Spin multiplicity
     NLGrid         	             50 -194	Integration grid to use for nonlocal correlation: nrad lmax
     ODA            	               false	Use optimal damping algorithm?
     OccRIK         	               false	Use the occ-RI-K algorithm (Manzer et al, JCP 143, 024113 (2015)) for density-fitted/Cholesky exchange? Gives the exact (RI) SCF energy and density but only approximate virtual orbital energies. Ignored for the four-index method.
     Occupancies    	                    	Orbital occupancies
     OptLM          	               false	If spherical harmonics used, use cartesian s and p functions?
     PZ             	               false	Perform Perdew-Zunger self-interaction correction?
     PZEthr         	           1.000e-10	Threshold for energy convergence
     PZIthr         	           1.000e-02	Threshold for initialization convergence (not too small!)
     PZNRthr        	           0.000e+00	Threshold for use of NR method in OO optimization
     PZOOthr        	           1.000e-04	Gradient threshold for OO optimization
     PZOVthr        	           1.000e-05	Gradient threshold for OV optimization
     PZimag         	                Auto	Imaginary degrees of freedom in PZ?
     PZiter         	                  20	Max number of iterations in self-consistency iteration
     PZloc          	                Auto	Initial localization before SIC calculation?
     PZlocmet       	                  FB	Initial localization method (recommend FB or IAO)
     PZmode         	                  XC	Apply PZ to the operators (in addition to J): X C D
     PZoo           	                true	Optimize OO block?
     PZov           	                true	Optimize OV block?
     PZprec         	                   1	Precondition OV block? 0: no, 1: unified, 2: orbital
     PZrand         	                true	Apply random rotation in PZ initialization? (Should be true)
     PZscale        	            Constant	Scaling for PZ: Constant, Density or Kinetic
     PZscaleExp     	           1.000e+00	Exponent in the dynamic scaling equation
     PZseed         	                   0	Seed number for randomized matrices?
     PZstab         	                   0	Stability analysis for PZ-SIC? 1 or -1 for OO, 2 or -2 for OO+OV
     PZstabThr      	           1.000e-03	Instability threshold (interpreted as -thr)
     PZw            	           1.000e+00	Weight for Perdew-Zunger self-interaction correction
     Restricted     	               false	Spin restricted?
     SAPBasis       	    helfem_large.gbs	Tabulated atomic effective potential "basis set"
     SAPGrid        	                    	SAP integration grid to use: nrad lmax or leave empty
     SaveChk        	   complex_basis.chk	Checkpoint file to save to
     ScreeningThresh	           1.000e-10	Density-weighted Fock-contribution screening threshold
     Shift          	           0.000e+00	Level shift to use in Hartree
     System         	             CuC.xyz	System as an xyz file
     TRRHminS       	           9.750e-01	Trust-Region Roothaan-Hall minimal occupied orbital overlap
     UseADIIS       	                true	Use ADIIS for Fock matrix interpolation?
     UseBroyden     	               false	Use Broyden mixing of Fock matrices?
     UseDIIS        	                true	Use Pulay's Direct Inversion in the Iterative Subspace?
     UseLM          	                true	Use a spherical harmonics basis set by default?
     UseTRRH        	               false	Use Trust-Region Roothaan-Hall?
     VV10           	                Auto	Use VV10 non-local correlation?
     VV10Pars       	                    	VV10 parameters: b C
     Verbose        	                true	Verbose calculation?
     Verbosity      	                   5	Verboseness level

Basis set aug-cc-pVTZ found in file aug-cc-pVTZ.gbs in /home/lehtola/programs/erkale/basis/.
Basis set helfem_large.gbs found in file helfem_large.gbs in /home/lehtola/programs/erkale/basis/.
Computing repulsion integrals (two-step CD).
Two-step CD: screening reduced dofs by factor 2.02.
Two-step CD selected 1226 pivot orbital pairs after pivoting (1.45 s).
Pivot selection time use: integrals 46.7 %, linear algebra 53.3 %.
Two-step CD: pivot metric orthogonalisation reduced 1226 -> 1224 functions (0.11 s).
Two-step CD finished in 2.59 s.
Metric build / orthogonalisation time use: integrals 60.2 %, linear algebra 39.8 %.
373 shell pairs out of 378 are significant.
373 shell pairs and 2 nuclei
SAP potential formed in 0.095 s.
Smallest eigenvalue of overlap matrix is 3.96e-01, reciprocal condition number is 2.47e-01.
Using symmetric orthogonalization.
Smallest eigenvalue of overlap matrix is 3.50e-01, reciprocal condition number is 2.04e-01.
Using symmetric orthogonalization.
Smallest eigenvalue of overlap matrix is 2.69e-01, reciprocal condition number is 1.42e-01.
Using symmetric orthogonalization.
Smallest eigenvalue of overlap matrix is 3.92e-02, reciprocal condition number is 1.36e-02.
Using symmetric orthogonalization.
Smallest eigenvalue of overlap matrix is 5.10e-04, reciprocal condition number is 1.33e-04.
Using symmetric orthogonalization.
Smallest eigenvalue of overlap matrix is 3.92e-02, reciprocal condition number is 1.36e-02.
Using symmetric orthogonalization.
Smallest eigenvalue of overlap matrix is 2.69e-01, reciprocal condition number is 1.42e-01.
Using symmetric orthogonalization.
Smallest eigenvalue of overlap matrix is 3.50e-01, reciprocal condition number is 2.04e-01.
Using symmetric orthogonalization.
Smallest eigenvalue of overlap matrix is 3.96e-01, reciprocal condition number is 2.47e-01.
Using symmetric orthogonalization.
Nela = 19 Nelb = 16



Solving SCF
Evaluated energy -1565.5982667081 (change from lowest -1.565598e+03)


Iteration 1: 1 Fock evaluations energy -1565.5982667081 change -1.565598e+03 DIIS error vector rms norm 1.844081e-01
History size 1
alpha m=-2 occupations: 1
alpha m=-1 occupations: 1 1
alpha m=0 occupations: 1 1 1 1 1 1 1 1 1 1 1 1 1
alpha m=1 occupations: 1 1
alpha m=2 occupations: 1
beta m=-2 occupations: 1
beta m=-1 occupations: 1 1
beta m=0 occupations: 1 1 1 1 1 1 1 1 1 1
beta m=1 occupations: 1 1
beta m=2 occupations: 1
Switching DIIS -> ODA: DIIS max error 4.359225e+00 exceeds threshold 1.000000e+00
Optimal damping step
Degenerate orbitals: iblock iorb E
beta m=1   2 -1.076115738
beta m=-1   2 -1.076108961
beta m=1   3 -1.075189095
beta m=-1   3 -1.075189094
7 parameters in optimal damping
Roothaan step in dimension 0 yields energy -1604.4393318677 change -3.884107e+01
Roothaan step in dimension 1 yields energy -1614.5001783540 change -4.890191e+01
Roothaan step in dimension 2 yields energy -1613.9954571295 change -4.839719e+01
Roothaan step in dimension 3 yields energy -1613.9954280741 change -4.839716e+01
Roothaan step in dimension 4 yields energy -1613.9954547836 change -4.839719e+01
Roothaan step in dimension 5 yields energy -1613.9954325859 change -4.839717e+01
Roothaan step in dimension 6 yields energy -1613.4683018472 change -4.787004e+01
Quadratic model minimum at lambda = (0.669241,0,0,0,0,0,0), model energy change -5.139503e+01
Trial loop: 20 candidates (1 quadratic-model + 7 cubic-axis + 12 cubic-edge); each evaluates one Fock build per scale until a descent step is found.
Density matrix difference 3.277327e-01 between lowest-energy and newest entry


Iteration 2: 9 Fock evaluations energy -1616.9932923177 change -5.139503e+01 DIIS error vector rms norm 1.193757e-01
History size 2
alpha m=-2 occupations: 0.669241 0.330759
alpha m=-1 occupations: 0.999999 0.669241 0.669241 0.669241 0.330759
alpha m=0 occupations:           1    0.999851    0.999839    0.739929    0.669311    0.669241    0.669241    0.669241    0.669241    0.330759    0.330759    0.330759    0.330759    0.330759    0.330759    0.330759    0.330759    0.330689    0.260071 0.000161225 0.000149209
alpha m=1 occupations: 0.999999 0.669241 0.669241 0.669241 0.330759
alpha m=2 occupations: 0.669241 0.330759
beta m=-2 occupations: 1
beta m=-1 occupations: 1 1
beta m=0 occupations: 1 1 1 1 1 1 1 1 1 1
beta m=1 occupations: 1 1
beta m=2 occupations: 1
Scaled steepest descent step (1 remaining in burst)
Scaled SD: trial sigma 1.000000e-03 t 5.527349e-04, energy -1626.4107047863, change -9.417412e+00
Density matrix difference 1.642344e-01 between lowest-energy and newest entry


Iteration 3: 10 Fock evaluations energy -1626.4107047863 change -9.417412e+00 DIIS error vector rms norm 9.933817e-02
History size 3
alpha m=-2 occupations: 0.669241 0.330759
alpha m=-1 occupations: 0.999999 0.669241 0.669241 0.669241 0.330759
alpha m=0 occupations:           1    0.999851    0.999839    0.739929    0.669311    0.669241    0.669241    0.669241    0.669241    0.330759    0.330759    0.330759    0.330759    0.330759    0.330759    0.330759    0.330759    0.330689    0.260071 0.000161225 0.000149209
alpha m=1 occupations: 0.999999 0.669241 0.669241 0.669241 0.330759
alpha m=2 occupations: 0.669241 0.330759
beta m=-2 occupations: 1
beta m=-1 occupations: 1 1
beta m=0 occupations: 1 1 1 1 1 1 1 1 1 1
beta m=1 occupations: 1 1
beta m=2 occupations: 1
Switching DIIS -> ODA: DIIS max error 2.353825e+00 exceeds threshold 1.000000e+00
Optimal damping step
2 parameters in optimal damping
Roothaan step in dimension 0 yields energy -1642.6908644138 change -1.628016e+01
Roothaan step in dimension 1 yields energy -1644.8537886946 change -1.844308e+01
Quadratic model minimum at lambda = (0.822935,0), model energy change -1.707044e+01
Trial loop: 3 candidates (1 quadratic-model + 1 cubic-axis + 1 cubic-edge); each evaluates one Fock build per scale until a descent step is found.
Density matrix difference 2.763613e-01 between lowest-energy and newest entry


Iteration 4: 13 Fock evaluations energy -1643.4811422389 change -1.707044e+01 DIIS error vector rms norm 9.606578e-02
History size 4
alpha m=-2 occupations:    0.880889    0.118499 0.000611776
alpha m=-1 occupations:           1    0.880912    0.118499    0.118499    0.118499 0.000588393
alpha m=0 occupations:           1    0.999963    0.999959    0.946528    0.877028    0.877004     0.87576    0.874195    0.871528    0.841705     0.82295    0.822948     0.82294    0.123712    0.118499    0.118496    0.118493    0.118082   0.0585659   0.0585655   0.0585595   0.0585584   0.0291909  0.00999441  0.00734294  0.00579152  0.00515707  0.00447254 1.18822e-05 1.67621e-06 1.37307e-06
alpha m=1 occupations:           1    0.880912    0.118499    0.118499    0.118499 0.000588392
alpha m=2 occupations:    0.880889    0.118499 0.000611776
beta m=-2 occupations: 1
beta m=-1 occupations: 1 1
beta m=0 occupations: 1 1 1 1 1 1 1 1 1 1
beta m=1 occupations: 1 1
beta m=2 occupations: 1
Scaled steepest descent step (1 remaining in burst)
Scaled SD: trial sigma 1.000000e-03 t 1.405122e-03, energy -1653.0231113733, change -9.541969e+00
Density matrix difference 4.687396e-01 between lowest-energy and newest entry


Iteration 5: 14 Fock evaluations energy -1653.0231113733 change -9.541969e+00 DIIS error vector rms norm 9.443338e-02
History size 5
alpha m=-2 occupations:    0.880889    0.118499 0.000611776
alpha m=-1 occupations:           1    0.880912    0.118499    0.118499    0.118499 0.000588393
alpha m=0 occupations:           1    0.999963    0.999959    0.946528    0.877028    0.877004     0.87576    0.874195    0.871528    0.841705     0.82295    0.822948     0.82294    0.123712    0.118499    0.118496    0.118493    0.118082   0.0585659   0.0585655   0.0585595   0.0585584   0.0291909  0.00999441  0.00734294  0.00579152  0.00515707  0.00447254 1.18822e-05 1.67621e-06 1.37307e-06
alpha m=1 occupations:           1    0.880912    0.118499    0.118499    0.118499 0.000588392
alpha m=2 occupations:    0.880889    0.118499 0.000611776
beta m=-2 occupations: 1
beta m=-1 occupations: 1 1
beta m=0 occupations: 1 1 1 1 1 1 1 1 1 1
beta m=1 occupations: 1 1
beta m=2 occupations: 1
Switching DIIS -> ODA: DIIS max error 2.543294e+00 exceeds threshold 1.000000e+00
Optimal damping step
2 parameters in optimal damping
Roothaan step in dimension 0 yields energy -1665.6020086315 change -1.257890e+01
Roothaan step in dimension 1 yields energy -1667.7956882277 change -1.477258e+01
Quadratic model minimum at lambda = (0,0), model energy change 0.000000e+00
Trial loop: 1 candidates (0 quadratic-model + 0 cubic-axis + 1 cubic-edge); each evaluates one Fock build per scale until a descent step is found.
Density matrix difference 2.761546e-01 between lowest-energy and newest entry


Iteration 6: 17 Fock evaluations energy -1664.9577096607 change -1.193460e+01 DIIS error vector rms norm 6.327518e-02
History size 6
alpha m=-2 occupations:  0.855923  0.105836 0.0382403
alpha m=-1 occupations:           1    0.860507    0.715423    0.101254   0.0382409   0.0382391 0.000107459
alpha m=0 occupations:           1    0.999983     0.99998     0.98229     0.95908     0.95893    0.958585    0.958344    0.789419    0.718457    0.715506    0.268713    0.266344    0.266319    0.266307    0.168559   0.0397611   0.0382437   0.0381676   0.0188998   0.0188997   0.0188978   0.0188974  0.00987369  0.00323326   0.0024007   0.0019345  0.00179134  0.00152739  0.00116294 0.000744763 0.000445619 0.000399791 0.000233282 7.51955e-05 4.84469e-05
alpha m=1 occupations:          1   0.860506   0.715426   0.101255  0.0382409  0.0382391 0.00010449
alpha m=2 occupations:  0.855923  0.105837 0.0382403
beta m=-2 occupations:  0.940808 0.0591922
beta m=-1 occupations:         1  0.978344 0.0216561
beta m=0 occupations:           1    0.999989    0.999989    0.999346    0.983253     0.97857    0.975201    0.755605    0.677315     0.67729     0.32271    0.322685    0.244395   0.0247985   0.0214303   0.0167469 0.000653771 1.12187e-05 1.10728e-05
beta m=1 occupations:         1  0.978343 0.0216568
beta m=2 occupations:  0.940808 0.0591921
Scaled steepest descent step (1 remaining in burst)
Scaled SD: trial sigma 1.000000e-03 t 4.716855e-03, energy -1666.1497842623, change -1.192075e+00
Density matrix difference 1.692992e-02 between lowest-energy and newest entry


Iteration 7: 18 Fock evaluations energy -1666.1497842623 change -1.192075e+00 DIIS error vector rms norm 6.422134e-02
History size 7
alpha m=-2 occupations:  0.855923  0.105836 0.0382403
alpha m=-1 occupations:           1    0.860507    0.715423    0.101254   0.0382409   0.0382391 0.000107459
alpha m=0 occupations:           1    0.999983     0.99998     0.98229     0.95908     0.95893    0.958585    0.958344    0.789419    0.718457    0.715506    0.268713    0.266344    0.266319    0.266307    0.168559   0.0397611   0.0382437   0.0381676   0.0188998   0.0188997   0.0188978   0.0188974  0.00987369  0.00323326   0.0024007   0.0019345  0.00179134  0.00152739  0.00116294 0.000744763 0.000445619 0.000399791 0.000233282 7.51955e-05 4.84469e-05
alpha m=1 occupations:          1   0.860506   0.715426   0.101255  0.0382409  0.0382391 0.00010449
alpha m=2 occupations:  0.855923  0.105837 0.0382403
beta m=-2 occupations:  0.940808 0.0591922
beta m=-1 occupations:         1  0.978344 0.0216561
beta m=0 occupations:           1    0.999989    0.999989    0.999346    0.983253     0.97857    0.975201    0.755605    0.677315     0.67729     0.32271    0.322685    0.244395   0.0247985   0.0214303   0.0167469 0.000653771 1.12187e-05 1.10728e-05
beta m=1 occupations:         1  0.978343 0.0216568
beta m=2 occupations:  0.940808 0.0591921
Switching DIIS -> ODA: DIIS max error 2.115405e+00 exceeds threshold 1.000000e+00
Optimal damping step
2 parameters in optimal damping
Roothaan step in dimension 0 yields energy -1669.8685292333 change -3.718745e+00
Roothaan step in dimension 1 yields energy -1672.9831225712 change -6.833338e+00
Quadratic model minimum at lambda = (0,0), model energy change 0.000000e+00
Trial loop: 0 candidates (0 quadratic-model + 0 cubic-axis + 0 cubic-edge); each evaluates one Fock build per scale until a descent step is found.
Density matrix difference 1.692992e-02 between lowest-energy and newest entry


Iteration 8: 20 Fock evaluations energy -1666.1497842623 change  0.000000e+00 DIIS error vector rms norm 6.422134e-02
History size 7
alpha m=-2 occupations:  0.855923  0.105836 0.0382403
alpha m=-1 occupations:           1    0.860507    0.715423    0.101254   0.0382409   0.0382391 0.000107459
alpha m=0 occupations:           1    0.999983     0.99998     0.98229     0.95908     0.95893    0.958585    0.958344    0.789419    0.718457    0.715506    0.268713    0.266344    0.266319    0.266307    0.168559   0.0397611   0.0382437   0.0381676   0.0188998   0.0188997   0.0188978   0.0188974  0.00987369  0.00323326   0.0024007   0.0019345  0.00179134  0.00152739  0.00116294 0.000744763 0.000445619 0.000399791 0.000233282 7.51955e-05 4.84469e-05
alpha m=1 occupations:          1   0.860506   0.715426   0.101255  0.0382409  0.0382391 0.00010449
alpha m=2 occupations:  0.855923  0.105837 0.0382403
beta m=-2 occupations:  0.940808 0.0591922
beta m=-1 occupations:         1  0.978344 0.0216561
beta m=0 occupations:           1    0.999989    0.999989    0.999346    0.983253     0.97857    0.975201    0.755605    0.677315     0.67729     0.32271    0.322685    0.244395   0.0247985   0.0214303   0.0167469 0.000653771 1.12187e-05 1.10728e-05
beta m=1 occupations:         1  0.978343 0.0216568
beta m=2 occupations:  0.940808 0.0591921
Scaled steepest descent step (2 remaining in burst)
Scaled SD: CG update with beta = 3.707864e-01 (PR = 3.707864e-01).
Scaled SD: trial sigma 1.000000e-03 t 5.644694e-03, energy -1666.4396940354, change -2.899098e-01
Burst exit: block 2 orbitals 0, 1 have a canonical-energy gap shift -1.875360e-02 Eh (> threshold 1.000000e-02 Eh).
Density matrix difference 2.022001e-02 between lowest-energy and newest entry


Iteration 9: 21 Fock evaluations energy -1666.4396940354 change -2.899098e-01 DIIS error vector rms norm 6.317968e-02
History size 8
alpha m=-2 occupations:  0.855923  0.105836 0.0382403
alpha m=-1 occupations:           1    0.860507    0.715423    0.101254   0.0382409   0.0382391 0.000107459
alpha m=0 occupations:           1    0.999983     0.99998     0.98229     0.95908     0.95893    0.958585    0.958344    0.789419    0.718457    0.715506    0.268713    0.266344    0.266319    0.266307    0.168559   0.0397611   0.0382437   0.0381676   0.0188998   0.0188997   0.0188978   0.0188974  0.00987369  0.00323326   0.0024007   0.0019345  0.00179134  0.00152739  0.00116294 0.000744763 0.000445619 0.000399791 0.000233282 7.51955e-05 4.84469e-05
alpha m=1 occupations:          1   0.860506   0.715426   0.101255  0.0382409  0.0382391 0.00010449
alpha m=2 occupations:  0.855923  0.105837 0.0382403
beta m=-2 occupations:  0.940808 0.0591922
beta m=-1 occupations:         1  0.978344 0.0216561
beta m=0 occupations:           1    0.999989    0.999989    0.999346    0.983253     0.97857    0.975201    0.755605    0.677315     0.67729     0.32271    0.322685    0.244395   0.0247985   0.0214303   0.0167469 0.000653771 1.12187e-05 1.10728e-05
beta m=1 occupations:         1  0.978343 0.0216568
beta m=2 occupations:  0.940808 0.0591921
Switching DIIS -> ODA: DIIS max error 2.130657e+00 exceeds threshold 1.000000e+00
Optimal damping step
Degenerate orbitals: iblock iorb E
alpha m=1   2 -0.214116755
alpha m=-1   2 -0.213756739
alpha m=0  11 -0.209570598
4 parameters in optimal damping
Roothaan step in dimension 0 yields energy -1670.1181001608 change -3.678406e+00
Roothaan step in dimension 1 yields energy -1670.1177256156 change -3.678032e+00
Roothaan step in dimension 2 yields energy -1670.1177875617 change -3.678094e+00
Roothaan step in dimension 3 yields energy -1673.0766927594 change -6.636999e+00
Quadratic model minimum at lambda = (0,0,0,0), model energy change 0.000000e+00
Trial loop: 3 candidates (0 quadratic-model + 0 cubic-axis + 3 cubic-edge); each evaluates one Fock build per scale until a descent step is found.
Density matrix difference 9.930197e-02 between lowest-energy and newest entry


Iteration 10: 26 Fock evaluations energy -1669.9989554225 change -3.559261e+00 DIIS error vector rms norm 6.013464e-02
History size 9
alpha m=-2 occupations: 1
alpha m=-1 occupations:        1        1 0.499606
alpha m=0 occupations:        1        1        1        1        1        1        1        1        1        1        1 0.500394
alpha m=1 occupations: 1 1 1
alpha m=2 occupations: 1
beta m=-2 occupations:  0.940808 0.0591922
beta m=-1 occupations:         1  0.978344 0.0216561
beta m=0 occupations:           1    0.999989    0.999989    0.999346    0.983253     0.97857    0.975201    0.755605    0.677315     0.67729     0.32271    0.322685    0.244395   0.0247985   0.0214303   0.0167469 0.000653771 1.12187e-05 1.10728e-05
beta m=1 occupations:         1  0.978343 0.0216568
beta m=2 occupations:  0.940808 0.0591921
Scaled steepest descent step (1 remaining in burst)
Scaled SD: trial sigma 1.000000e-03 t 7.664153e-03, energy -1671.0574520224, change -1.058497e+00
Density matrix difference 2.116108e-02 between lowest-energy and newest entry


Iteration 11: 27 Fock evaluations energy -1671.0574520224 change -1.058497e+00 DIIS error vector rms norm 5.837298e-02
History size 10
alpha m=-2 occupations: 1
alpha m=-1 occupations:        1        1 0.499606
alpha m=0 occupations:        1        1        1        1        1        1        1        1        1        1        1 0.500394
alpha m=1 occupations: 1 1 1
alpha m=2 occupations: 1
beta m=-2 occupations:  0.940808 0.0591922
beta m=-1 occupations:         1  0.978344 0.0216561
beta m=0 occupations:           1    0.999989    0.999989    0.999346    0.983253     0.97857    0.975201    0.755605    0.677315     0.67729     0.32271    0.322685    0.244395   0.0247985   0.0214303   0.0167469 0.000653771 1.12187e-05 1.10728e-05
beta m=1 occupations:         1  0.978343 0.0216568
beta m=2 occupations:  0.940808 0.0591921
Switching DIIS -> ODA: DIIS max error 1.790991e+00 exceeds threshold 1.000000e+00
Optimal damping step
2 parameters in optimal damping
Roothaan step in dimension 0 yields energy -1671.2127625568 change -1.553105e-01
Roothaan step in dimension 1 yields energy -1676.2839666991 change -5.226515e+00
Quadratic model minimum at lambda = (0,0), model energy change 0.000000e+00
Trial loop: 0 candidates (0 quadratic-model + 0 cubic-axis + 0 cubic-edge); each evaluates one Fock build per scale until a descent step is found.
Density matrix difference 2.116108e-02 between lowest-energy and newest entry


Iteration 12: 29 Fock evaluations energy -1671.0574520224 change  0.000000e+00 DIIS error vector rms norm 5.837298e-02
History size 10
alpha m=-2 occupations: 1
alpha m=-1 occupations:        1        1 0.499606
alpha m=0 occupations:        1        1        1        1        1        1        1        1        1        1        1 0.500394
alpha m=1 occupations: 1 1 1
alpha m=2 occupations: 1
beta m=-2 occupations:  0.940808 0.0591922
beta m=-1 occupations:         1  0.978344 0.0216561
beta m=0 occupations:           1    0.999989    0.999989    0.999346    0.983253     0.97857    0.975201    0.755605    0.677315     0.67729     0.32271    0.322685    0.244395   0.0247985   0.0214303   0.0167469 0.000653771 1.12187e-05 1.10728e-05
beta m=1 occupations:         1  0.978343 0.0216568
beta m=2 occupations:  0.940808 0.0591921
Scaled steepest descent step (1 remaining in burst)
Scaled SD: CG update with beta = 3.960624e-01 (PR = 3.960624e-01).
Scaled SD: trial sigma 1.000000e-03 t 7.233781e-03, energy -1671.2065554331, change -1.491034e-01
Density matrix difference 1.697014e-02 between lowest-energy and newest entry


Iteration 13: 30 Fock evaluations energy -1671.2065554331 change -1.491034e-01 DIIS error vector rms norm 5.822154e-02
History size 10
alpha m=-2 occupations: 1
alpha m=-1 occupations:        1        1 0.499606
alpha m=0 occupations:        1        1        1        1        1        1        1        1        1        1        1 0.500394
alpha m=1 occupations: 1 1 1
alpha m=2 occupations: 1
beta m=-2 occupations:  0.940808 0.0591922
beta m=-1 occupations:         1  0.978344 0.0216561
beta m=0 occupations:           1    0.999989    0.999989    0.999346    0.983253     0.97857    0.975201    0.755605    0.677315     0.67729     0.32271    0.322685    0.244395   0.0247985   0.0214303   0.0167469 0.000653771 1.12187e-05 1.10728e-05
beta m=1 occupations:         1  0.978343 0.0216568
beta m=2 occupations:  0.940808 0.0591921
Switching DIIS -> ODA: DIIS max error 1.771197e+00 exceeds threshold 1.000000e+00
Optimal damping step
2 parameters in optimal damping
Roothaan step in dimension 0 yields energy -1671.3820252236 change -1.754698e-01
Roothaan step in dimension 1 yields energy -1676.3001092295 change -5.093554e+00
Quadratic model minimum at lambda = (0,0), model energy change 0.000000e+00
Trial loop: 0 candidates (0 quadratic-model + 0 cubic-axis + 0 cubic-edge); each evaluates one Fock build per scale until a descent step is found.
Density matrix difference 1.697014e-02 between lowest-energy and newest entry


Iteration 14: 32 Fock evaluations energy -1671.2065554331 change  0.000000e+00 DIIS error vector rms norm 5.822154e-02
History size 10
alpha m=-2 occupations: 1
alpha m=-1 occupations:        1        1 0.499606
alpha m=0 occupations:        1        1        1        1        1        1        1        1        1        1        1 0.500394
alpha m=1 occupations: 1 1 1
alpha m=2 occupations: 1
beta m=-2 occupations:  0.940808 0.0591922
beta m=-1 occupations:         1  0.978344 0.0216561
beta m=0 occupations:           1    0.999989    0.999989    0.999346    0.983253     0.97857    0.975201    0.755605    0.677315     0.67729     0.32271    0.322685    0.244395   0.0247985   0.0214303   0.0167469 0.000653771 1.12187e-05 1.10728e-05
beta m=1 occupations:         1  0.978343 0.0216568
beta m=2 occupations:  0.940808 0.0591921
Scaled steepest descent step (1 remaining in burst)
Scaled SD: CG direction not descent, resetting to preconditioned SD.
Scaled SD: trial sigma 1.000000e-03 t 1.566903e-02, energy -1671.5154862439, change -3.089308e-01
Density matrix difference 1.668629e-02 between lowest-energy and newest entry


Iteration 15: 33 Fock evaluations energy -1671.5154862439 change -3.089308e-01 DIIS error vector rms norm 5.716571e-02
History size 10
alpha m=-2 occupations: 1
alpha m=-1 occupations:        1        1 0.499606
alpha m=0 occupations:        1        1        1        1        1        1        1        1        1        1        1 0.500394
alpha m=1 occupations: 1 1 1
alpha m=2 occupations: 1
beta m=-2 occupations:  0.940808 0.0591922
beta m=-1 occupations:         1  0.978344 0.0216561
beta m=0 occupations:           1    0.999989    0.999989    0.999346    0.983253     0.97857    0.975201    0.755605    0.677315     0.67729     0.32271    0.322685    0.244395   0.0247985   0.0214303   0.0167469 0.000653771 1.12187e-05 1.10728e-05
beta m=1 occupations:         1  0.978343 0.0216568
beta m=2 occupations:  0.940808 0.0591921
Switching DIIS -> ODA: DIIS max error 1.830492e+00 exceeds threshold 1.000000e+00
Optimal damping step
2 parameters in optimal damping
Roothaan step in dimension 0 yields energy -1671.6852036042 change -1.697174e-01
Roothaan step in dimension 1 yields energy -1676.2587851290 change -4.743299e+00
Quadratic model minimum at lambda = (0,0), model energy change 0.000000e+00
Trial loop: 0 candidates (0 quadratic-model + 0 cubic-axis + 0 cubic-edge); each evaluates one Fock build per scale until a descent step is found.
Density matrix difference 1.668629e-02 between lowest-energy and newest entry


Iteration 16: 35 Fock evaluations energy -1671.5154862439 change  0.000000e+00 DIIS error vector rms norm 5.716571e-02
History size 10
alpha m=-2 occupations: 1
alpha m=-1 occupations:        1        1 0.499606
alpha m=0 occupations:        1        1        1        1        1        1        1        1        1        1        1 0.500394
alpha m=1 occupations: 1 1 1
alpha m=2 occupations: 1
beta m=-2 occupations:  0.940808 0.0591922
beta m=-1 occupations:         1  0.978344 0.0216561
beta m=0 occupations:           1    0.999989    0.999989    0.999346    0.983253     0.97857    0.975201    0.755605    0.677315     0.67729     0.32271    0.322685    0.244395   0.0247985   0.0214303   0.0167469 0.000653771 1.12187e-05 1.10728e-05
beta m=1 occupations:         1  0.978343 0.0216568
beta m=2 occupations:  0.940808 0.0591921
Scaled steepest descent step (1 remaining in burst)
Scaled SD: CG update with beta = 7.920509e-01 (PR = 7.920509e-01).
Scaled SD: trial sigma 1.000000e-03 t 1.032751e-02, energy -1671.6597232245, change -1.442370e-01
Density matrix difference 1.616722e-02 between lowest-energy and newest entry


Iteration 17: 36 Fock evaluations energy -1671.6597232245 change -1.442370e-01 DIIS error vector rms norm 5.668720e-02
History size 10
alpha m=-2 occupations: 1
alpha m=-1 occupations:        1        1 0.499606
alpha m=0 occupations:        1        1        1        1        1        1        1        1        1        1        1 0.500394
alpha m=1 occupations: 1 1 1
alpha m=2 occupations: 1
beta m=-2 occupations:  0.940808 0.0591922
beta m=-1 occupations:         1  0.978344 0.0216561
beta m=0 occupations:           1    0.999989    0.999989    0.999346    0.983253     0.97857    0.975201    0.755605    0.677315     0.67729     0.32271    0.322685    0.244395   0.0247985   0.0214303   0.0167469 0.000653771 1.12187e-05 1.10728e-05
beta m=1 occupations:         1  0.978343 0.0216568
beta m=2 occupations:  0.940808 0.0591921
Switching DIIS -> ODA: DIIS max error 1.847651e+00 exceeds threshold 1.000000e+00
Optimal damping step
2 parameters in optimal damping
Roothaan step in dimension 0 yields energy -1671.7049543138 change -4.523109e-02
Roothaan step in dimension 1 yields energy -1676.2818285568 change -4.622105e+00
Quadratic model minimum at lambda = (0,0), model energy change 0.000000e+00
Trial loop: 0 candidates (0 quadratic-model + 0 cubic-axis + 0 cubic-edge); each evaluates one Fock build per scale until a descent step is found.
Density matrix difference 1.616722e-02 between lowest-energy and newest entry


Iteration 18: 38 Fock evaluations energy -1671.6597232245 change  0.000000e+00 DIIS error vector rms norm 5.668720e-02
History size 10
alpha m=-2 occupations: 1
alpha m=-1 occupations:        1        1 0.499606
alpha m=0 occupations:        1        1        1        1        1        1        1        1        1        1        1 0.500394
alpha m=1 occupations: 1 1 1
alpha m=2 occupations: 1
beta m=-2 occupations:  0.940808 0.0591922
beta m=-1 occupations:         1  0.978344 0.0216561
beta m=0 occupations:           1    0.999989    0.999989    0.999346    0.983253     0.97857    0.975201    0.755605    0.677315     0.67729     0.32271    0.322685    0.244395   0.0247985   0.0214303   0.0167469 0.000653771 1.12187e-05 1.10728e-05
beta m=1 occupations:         1  0.978343 0.0216568
beta m=2 occupations:  0.940808 0.0591921
Scaled steepest descent step (1 remaining in burst)
Scaled SD: CG update with beta = 6.397021e-01 (PR = 6.397021e-01).
Scaled SD: trial sigma 1.000000e-03 t 1.476661e-02, energy -1671.8697555678, change -2.100323e-01
Density matrix difference 1.927047e-02 between lowest-energy and newest entry


Iteration 19: 39 Fock evaluations energy -1671.8697555678 change -2.100323e-01 DIIS error vector rms norm 5.509658e-02
History size 10
alpha m=-2 occupations: 1
alpha m=-1 occupations:        1        1 0.499606
alpha m=0 occupations:        1        1        1        1        1        1        1        1        1        1        1 0.500394
alpha m=1 occupations: 1 1 1
alpha m=2 occupations: 1
beta m=-2 occupations:  0.940808 0.0591922
beta m=-1 occupations:         1  0.978344 0.0216561
beta m=0 occupations:           1    0.999989    0.999989    0.999346    0.983253     0.97857    0.975201    0.755605    0.677315     0.67729     0.32271    0.322685    0.244395   0.0247985   0.0214303   0.0167469 0.000653771 1.12187e-05 1.10728e-05
beta m=1 occupations:         1  0.978343 0.0216568
beta m=2 occupations:  0.940808 0.0591921
Switching DIIS -> ODA: DIIS max error 1.804201e+00 exceeds threshold 1.000000e+00
Optimal damping step
2 parameters in optimal damping
Roothaan step in dimension 0 yields energy -1672.0320158767 change -1.622603e-01
Roothaan step in dimension 1 yields energy -1676.2675336521 change -4.397778e+00
Quadratic model minimum at lambda = (0,0), model energy change 0.000000e+00
Trial loop: 0 candidates (0 quadratic-model + 0 cubic-axis + 0 cubic-edge); each evaluates one Fock build per scale until a descent step is found.
Density matrix difference 1.927047e-02 between lowest-energy and newest entry


Iteration 20: 41 Fock evaluations energy -1671.8697555678 change  0.000000e+00 DIIS error vector rms norm 5.509658e-02
History size 10
alpha m=-2 occupations: 1
alpha m=-1 occupations:        1        1 0.499606
alpha m=0 occupations:        1        1        1        1        1        1        1        1        1        1        1 0.500394
alpha m=1 occupations: 1 1 1
alpha m=2 occupations: 1
beta m=-2 occupations:  0.940808 0.0591922
beta m=-1 occupations:         1  0.978344 0.0216561
beta m=0 occupations:           1    0.999989    0.999989    0.999346    0.983253     0.97857    0.975201    0.755605    0.677315     0.67729     0.32271    0.322685    0.244395   0.0247985   0.0214303   0.0167469 0.000653771 1.12187e-05 1.10728e-05
beta m=1 occupations:         1  0.978343 0.0216568
beta m=2 occupations:  0.940808 0.0591921
Scaled steepest descent step (1 remaining in burst)
Scaled SD: CG update with beta = 1.029039e+00 (PR = 1.029039e+00).
Scaled SD: trial sigma 1.000000e-03 t 1.300505e-02, energy -1671.9904103673, change -1.206548e-01
Density matrix difference 1.845834e-02 between lowest-energy and newest entry


Iteration 21: 42 Fock evaluations energy -1671.9904103673 change -1.206548e-01 DIIS error vector rms norm 5.418323e-02
History size 10
alpha m=-2 occupations: 1
alpha m=-1 occupations:        1        1 0.499606
alpha m=0 occupations:        1        1        1        1        1        1        1        1        1        1        1 0.500394
alpha m=1 occupations: 1 1 1
alpha m=2 occupations: 1
beta m=-2 occupations:  0.940808 0.0591922
beta m=-1 occupations:         1  0.978344 0.0216561
beta m=0 occupations:           1    0.999989    0.999989    0.999346    0.983253     0.97857    0.975201    0.755605    0.677315     0.67729     0.32271    0.322685    0.244395   0.0247985   0.0214303   0.0167469 0.000653771 1.12187e-05 1.10728e-05
beta m=1 occupations:         1  0.978343 0.0216568
beta m=2 occupations:  0.940808 0.0591921
Switching DIIS -> ODA: DIIS max error 1.828155e+00 exceeds threshold 1.000000e+00
Optimal damping step
Degenerate orbitals: iblock iorb E
alpha m=0  10 -0.379015057
alpha m=0  11 -0.373905654
3 parameters in optimal damping
Roothaan step in dimension 0 yields energy -1672.0943340299 change -1.039237e-01
Roothaan step in dimension 1 yields energy -1672.0901278732 change -9.971751e-02
Roothaan step in dimension 2 yields energy -1676.2721482466 change -4.281738e+00
Quadratic model minimum at lambda = (0,0,0), model energy change 0.000000e+00
Trial loop: 1 candidates (0 quadratic-model + 0 cubic-axis + 1 cubic-edge); each evaluates one Fock build per scale until a descent step is found.
Density matrix difference 4.676562e-02 between lowest-energy and newest entry


Iteration 22: 46 Fock evaluations energy -1672.0570980117 change -6.668764e-02 DIIS error vector rms norm 5.338810e-02
History size 10
alpha m=-2 occupations: 1
alpha m=-1 occupations: 1 1 1
alpha m=0 occupations:        1        1        1        1        1        1        1        1        1        1 0.514978 0.485022
alpha m=1 occupations: 1 1 1
alpha m=2 occupations: 1
beta m=-2 occupations:  0.940808 0.0591922
beta m=-1 occupations:         1  0.978344 0.0216561
beta m=0 occupations:           1    0.999989    0.999989    0.999346    0.983253     0.97857    0.975201    0.755605    0.677315     0.67729     0.32271    0.322685    0.244395   0.0247985   0.0214303   0.0167469 0.000653771 1.12187e-05 1.10728e-05
beta m=1 occupations:         1  0.978343 0.0216568
beta m=2 occupations:  0.940808 0.0591921
Scaled steepest descent step (1 remaining in burst)
Scaled SD: trial sigma 1.000000e-03 t 4.152471e-02, energy -1672.3603871426, change -3.032891e-01
Density matrix difference 9.180864e-03 between lowest-energy and newest entry


Iteration 23: 47 Fock evaluations energy -1672.3603871426 change -3.032891e-01 DIIS error vector rms norm 5.076872e-02
History size 10
alpha m=-2 occupations: 1
alpha m=-1 occupations: 1 1 1
alpha m=0 occupations:        1        1        1        1        1        1        1        1        1        1 0.514978 0.485022
alpha m=1 occupations: 1 1 1
alpha m=2 occupations: 1
beta m=-2 occupations:  0.940808 0.0591922
beta m=-1 occupations:         1  0.978344 0.0216561
beta m=0 occupations:           1    0.999989    0.999989    0.999346    0.983253     0.97857    0.975201    0.755605    0.677315     0.67729     0.32271    0.322685    0.244395   0.0247985   0.0214303   0.0167469 0.000653771 1.12187e-05 1.10728e-05
beta m=1 occupations:         1  0.978343 0.0216568
beta m=2 occupations:  0.940808 0.0591921
Switching DIIS -> ODA: DIIS max error 1.740986e+00 exceeds threshold 1.000000e+00
Optimal damping step
Degenerate orbitals: iblock iorb E
beta m=0   9 -0.203018598
beta m=0  10 -0.196543242
3 parameters in optimal damping
Roothaan step in dimension 0 yields energy -1672.4791821198 change -1.187950e-01
Roothaan step in dimension 1 yields energy -1676.1991702445 change -3.838783e+00
Roothaan step in dimension 2 yields energy -1676.2902072506 change -3.929820e+00
Quadratic model minimum at lambda = (0,0,0), model energy change 0.000000e+00
Trial loop: 1 candidates (0 quadratic-model + 0 cubic-axis + 1 cubic-edge); each evaluates one Fock build per scale until a descent step is found.
Density matrix difference 6.830278e-02 between lowest-energy and newest entry


Iteration 24: 51 Fock evaluations energy -1676.1960723612 change -3.835685e+00 DIIS error vector rms norm 1.269168e-02
History size 10
alpha m=-2 occupations: 1
alpha m=-1 occupations: 1 1 1
alpha m=0 occupations:        1        1        1        1        1        1        1        1        1        1 0.514978 0.485022
alpha m=1 occupations: 1 1 1
alpha m=2 occupations: 1
beta m=-2 occupations: 1
beta m=-1 occupations: 1 1
beta m=0 occupations:        1        1        1        1        1        1        1        1        1 0.846448 0.153552
beta m=1 occupations: 1 1
beta m=2 occupations: 1
Scaled steepest descent step (1 remaining in burst)
Scaled SD: trial sigma 1.000000e-03 t 9.949915e-03, energy -1676.2649549059, change -6.888254e-02
Density matrix difference 1.877348e-02 between lowest-energy and newest entry


Iteration 25: 52 Fock evaluations energy -1676.2649549059 change -6.888254e-02 DIIS error vector rms norm 1.230149e-02
History size 10
alpha m=-2 occupations: 1
alpha m=-1 occupations: 1 1 1
alpha m=0 occupations:        1        1        1        1        1        1        1        1        1        1 0.514978 0.485022
alpha m=1 occupations: 1 1 1
alpha m=2 occupations: 1
beta m=-2 occupations: 1
beta m=-1 occupations: 1 1
beta m=0 occupations:        1        1        1        1        1        1        1        1        1 0.846448 0.153552
beta m=1 occupations: 1 1
beta m=2 occupations: 1
ADIIS+DIIS step
Evaluated energy -1676.3692418462 (change from lowest -1.042869e-01)
Density matrix difference 1.044302e-01 between lowest-energy and newest entry


Iteration 26: 53 Fock evaluations energy -1676.3692418462 change -1.042869e-01 DIIS error vector rms norm 1.297825e-02
History size 10
alpha m=-2 occupations: 1
alpha m=-1 occupations: 1 1 1
alpha m=0 occupations: 1 1 1 1 1 1 1 1 1 1 1
alpha m=1 occupations: 1 1 1
alpha m=2 occupations: 1
beta m=-2 occupations: 1
beta m=-1 occupations: 1 1
beta m=0 occupations: 1 1 1 1 1 1 1 1 1 1
beta m=1 occupations: 1 1
beta m=2 occupations: 1
EDIIS+DIIS step
Evaluated energy -1676.5411038819 (change from lowest -1.718620e-01)
Density matrix difference 5.100419e-02 between lowest-energy and newest entry


Iteration 27: 54 Fock evaluations energy -1676.5411038819 change -1.718620e-01 DIIS error vector rms norm 2.394843e-03
History size 10
alpha m=-2 occupations: 1
alpha m=-1 occupations: 1 1 1
alpha m=0 occupations: 1 1 1 1 1 1 1 1 1 1 1
alpha m=1 occupations: 1 1 1
alpha m=2 occupations: 1
beta m=-2 occupations: 1
beta m=-1 occupations: 1 1
beta m=0 occupations: 1 1 1 1 1 1 1 1 1 1
beta m=1 occupations: 1 1
beta m=2 occupations: 1
ADIIS+DIIS step
Evaluated energy -1676.5695666381 (change from lowest -2.846276e-02)
Density matrix difference 2.762462e-02 between lowest-energy and newest entry


Iteration 28: 55 Fock evaluations energy -1676.5695666381 change -2.846276e-02 DIIS error vector rms norm 8.693394e-04
History size 10
alpha m=-2 occupations: 1
alpha m=-1 occupations: 1 1 1
alpha m=0 occupations: 1 1 1 1 1 1 1 1 1 1 1
alpha m=1 occupations: 1 1 1
alpha m=2 occupations: 1
beta m=-2 occupations: 1
beta m=-1 occupations: 1 1
beta m=0 occupations: 1 1 1 1 1 1 1 1 1 1
beta m=1 occupations: 1 1
beta m=2 occupations: 1
ADIIS+DIIS step
Evaluated energy -1676.5741870535 (change from lowest -4.620415e-03)
Density matrix difference 7.201604e-03 between lowest-energy and newest entry


Iteration 29: 56 Fock evaluations energy -1676.5741870535 change -4.620415e-03 DIIS error vector rms norm 4.796478e-04
History size 10
alpha m=-2 occupations: 1
alpha m=-1 occupations: 1 1 1
alpha m=0 occupations: 1 1 1 1 1 1 1 1 1 1 1
alpha m=1 occupations: 1 1 1
alpha m=2 occupations: 1
beta m=-2 occupations: 1
beta m=-1 occupations: 1 1
beta m=0 occupations: 1 1 1 1 1 1 1 1 1 1
beta m=1 occupations: 1 1
beta m=2 occupations: 1
ADIIS+DIIS step
Evaluated energy -1676.5775157913 (change from lowest -3.328738e-03)
Density matrix difference 8.965878e-03 between lowest-energy and newest entry


Iteration 30: 57 Fock evaluations energy -1676.5775157913 change -3.328738e-03 DIIS error vector rms norm 2.700135e-04
History size 10
alpha m=-2 occupations: 1
alpha m=-1 occupations: 1 1 1
alpha m=0 occupations: 1 1 1 1 1 1 1 1 1 1 1
alpha m=1 occupations: 1 1 1
alpha m=2 occupations: 1
beta m=-2 occupations: 1
beta m=-1 occupations: 1 1
beta m=0 occupations: 1 1 1 1 1 1 1 1 1 1
beta m=1 occupations: 1 1
beta m=2 occupations: 1
ADIIS+DIIS step
Evaluated energy -1676.5791902849 (change from lowest -1.674494e-03)
Density matrix difference 7.502404e-03 between lowest-energy and newest entry


Iteration 31: 58 Fock evaluations energy -1676.5791902849 change -1.674494e-03 DIIS error vector rms norm 1.366899e-04
History size 10
alpha m=-2 occupations: 1
alpha m=-1 occupations: 1 1 1
alpha m=0 occupations: 1 1 1 1 1 1 1 1 1 1 1
alpha m=1 occupations: 1 1 1
alpha m=2 occupations: 1
beta m=-2 occupations: 1
beta m=-1 occupations: 1 1
beta m=0 occupations: 1 1 1 1 1 1 1 1 1 1
beta m=1 occupations: 1 1
beta m=2 occupations: 1
ADIIS+DIIS step
Evaluated energy -1676.5798224574 (change from lowest -6.321725e-04)
Density matrix difference 6.151930e-03 between lowest-energy and newest entry


Iteration 32: 59 Fock evaluations energy -1676.5798224574 change -6.321725e-04 DIIS error vector rms norm 7.444815e-05
History size 10
alpha m=-2 occupations: 1
alpha m=-1 occupations: 1 1 1
alpha m=0 occupations: 1 1 1 1 1 1 1 1 1 1 1
alpha m=1 occupations: 1 1 1
alpha m=2 occupations: 1
beta m=-2 occupations: 1
beta m=-1 occupations: 1 1
beta m=0 occupations: 1 1 1 1 1 1 1 1 1 1
beta m=1 occupations: 1 1
beta m=2 occupations: 1
DIIS step
Evaluated energy -1676.5799731427 (change from lowest -1.506853e-04)
Density matrix difference 3.354938e-03 between lowest-energy and newest entry


Iteration 33: 60 Fock evaluations energy -1676.5799731427 change -1.506853e-04 DIIS error vector rms norm 3.344376e-05
History size 10
alpha m=-2 occupations: 1
alpha m=-1 occupations: 1 1 1
alpha m=0 occupations: 1 1 1 1 1 1 1 1 1 1 1
alpha m=1 occupations: 1 1 1
alpha m=2 occupations: 1
beta m=-2 occupations: 1
beta m=-1 occupations: 1 1
beta m=0 occupations: 1 1 1 1 1 1 1 1 1 1
beta m=1 occupations: 1 1
beta m=2 occupations: 1
DIIS step
Evaluated energy -1676.5800119986 (change from lowest -3.885584e-05)
Density matrix difference 1.822418e-03 between lowest-energy and newest entry


Iteration 34: 61 Fock evaluations energy -1676.5800119986 change -3.885584e-05 DIIS error vector rms norm 1.641295e-05
History size 10
alpha m=-2 occupations: 1
alpha m=-1 occupations: 1 1 1
alpha m=0 occupations: 1 1 1 1 1 1 1 1 1 1 1
alpha m=1 occupations: 1 1 1
alpha m=2 occupations: 1
beta m=-2 occupations: 1
beta m=-1 occupations: 1 1
beta m=0 occupations: 1 1 1 1 1 1 1 1 1 1
beta m=1 occupations: 1 1
beta m=2 occupations: 1
DIIS step
Evaluated energy -1676.5800213652 (change from lowest -9.366659e-06)
Density matrix difference 1.031403e-03 between lowest-energy and newest entry


Iteration 35: 62 Fock evaluations energy -1676.5800213652 change -9.366659e-06 DIIS error vector rms norm 5.817140e-06
History size 10
alpha m=-2 occupations: 1
alpha m=-1 occupations: 1 1 1
alpha m=0 occupations: 1 1 1 1 1 1 1 1 1 1 1
alpha m=1 occupations: 1 1 1
alpha m=2 occupations: 1
beta m=-2 occupations: 1
beta m=-1 occupations: 1 1
beta m=0 occupations: 1 1 1 1 1 1 1 1 1 1
beta m=1 occupations: 1 1
beta m=2 occupations: 1
DIIS step
Evaluated energy -1676.5800220714 (change from lowest -7.061715e-07)
Density matrix difference 2.913595e-04 between lowest-energy and newest entry


Iteration 36: 63 Fock evaluations energy -1676.5800220714 change -7.061715e-07 DIIS error vector rms norm 2.059423e-06
History size 10
alpha m=-2 occupations: 1
alpha m=-1 occupations: 1 1 1
alpha m=0 occupations: 1 1 1 1 1 1 1 1 1 1 1
alpha m=1 occupations: 1 1 1
alpha m=2 occupations: 1
beta m=-2 occupations: 1
beta m=-1 occupations: 1 1
beta m=0 occupations: 1 1 1 1 1 1 1 1 1 1
beta m=1 occupations: 1 1
beta m=2 occupations: 1
DIIS step
Evaluated energy -1676.5800221274 (change from lowest -5.599736e-08)
Density matrix difference 3.532959e-05 between lowest-energy and newest entry


Iteration 37: 64 Fock evaluations energy -1676.5800221274 change -5.599736e-08 DIIS error vector rms norm 7.789761e-07
History size 10
Converged to energy -1676.5800221274!
SCF converged. Total energy is -1676.5800221274

Running program took 47.54 s.
