ERKALE - HF/DFT from Hel, OpenMP version, running on 8 cores.
(c) Susi Lehtola, 2010-2016.

This program is free software; you can redistribute it and/or modify
it under the terms of the GNU General Public License as published by
the Free Software Foundation; either version 2 of the License, or
(at your option) any later version.

At svn revision 2240.

Running on host silver.

Current time is Fri 11 Sep 2026 07:44:12.

Current Settings used by ERKALE:
     AtomGuess      	                Auto	Method used for atomic guess (Auto for same as method)
     Basis          	         aug-cc-pVTZ	Basis set used in calculation
     BasisCutoff    	           1.000e-08	Cutoff for dropping out small primitives from contraction
     BasisOrth      	                Auto	Method of orthonormalization of basis set
     BasisRotate    	               false	Rotate basis set to remove redundant functions?
     Charge         	                   0	Total charge of system
     CholDepThresh  	           1.000e-07	Partial Cholesky decomposition threshold
     CholeskyFile   	        cholesky.chk	Filename for the DF/CD integral cache (used when CholeskyMode != 0). Plain and range-separated entries coexist in the same file under distinct keys.
     CholeskyMode   	                   0	Save/load the DF/CD integral cache? 0 no, 1 save after fill, -1 load before fill (falls back to fill on mismatch). Useful for repeated runs that share orbital + auxiliary basis. Ignored when Direct=true.
     CholeskyShThr  	           1.000e-02	Cholesky cache threshold
     CholeskyThr    	           1.000e-07	Cholesky decomposition threshold
     ComplexBasis   	                true	Use complex basis?
     Confinement    	         0.0 0.0 0.0	Confinement potential V(r) = V_i x_i^2
     ConvThr        	           1.000e-06	Orbital gradient convergence threshold
     DFTBasisThr    	           1.000e-10	Threshold for screening basis functions on grid
     DFTCpars       	                    	Override parameters of correlation functional (expert)
     DFTDelta       	           1.000e+02	Switch to final DFT grid has converged within factor X
     DFTDensityThr  	           1.000e-10	Threshold for screening density on grid
     DFTFinalTol    	           1.000e-05	Tolerance of final DFT grid
     DFTGrid        	             75 -302	DFT integration grid to use: nrad lmax or Auto for adaptive
     DFTInitialTol  	           1.000e-04	Tolerance of initial DFT grid
     DFTLobatto     	               false	Use Lobatto quadrature instead of Lebedev quadrature?
     DFTQuadThresh  	           2.220e-16	Threshold for pruning points with small quadrature weight
     DFTXpars       	                    	Override parameters of exchange functional (expert)
     DIISComb       	               false	Combine alpha and beta errors in unrestricted calcs?
     DIISEps        	           1.000e-01	Start mixing in DIIS when error is
     DIISOrder      	                  10	How many DIIS iterations to keep in memory?
     DIISThr        	           1.000e-02	DIIS error threshold for DIIS updates
     DecFock        	               false	Use decontracted basis to calculate Fock matrix (direct HF)
     Decontract     	                    	Indices of atoms to decontract basis set for
     Direct         	               false	Calculate two-electron integrals (or density fitting) on-the-fly?
     EField         	         0.0 0.0 0.0	Electric field
     ErrorNorm      	                 rms	Error norm to use in the SCF code
     FittingBasis   	def2-universal-jkfit	Basis to use for density fitting / RI: a basis-set name, Auto (CD-derived auto-aux, Lehtola JCTC 17, 6886 (2021); uncontracted, lmax-pruned per FittingLmaxInc) or AutoABS (Eichkorn-style automatic aux, J-only)
     FittingCholeskyThreshold	           1.000e-08	Linear dependence threshold for pivoted Cholesky of Coulomb integrals in density fitting
     FittingLmaxInc 	                   1	Angular-momentum pruning increment for the CD-derived auto-aux: keep l <= max(2*l_occ, l_obs+l_occ+FittingLmaxInc) (Lehtola JCTC 19, 6242 (2023)); negative keeps all shells
     FittingThreshold	           1.000e-07	Linear dependence threshold for Coulomb integrals in density fitting
     Guess          	                core	Used guess: SAD (default), SADNO, core, GWH, SAP, or SAPfit
     HarmonicConfinement	           0.000e+00	Harmonic confinement strength k (potential 1/2 k r^2), 0 = off
     InputBohr      	               false	Use atomic units as input units instead of angstrom?
     IntegralThresh 	           1.000e-10	Integral screening threshold
     JKMethod       	            Cholesky	Coulomb/exchange build method: 4index (exact ERIs, in-core or Direct), RI (density fitting with a Gaussian auxiliary basis -- set FittingBasis), Cholesky (two-step pivoted Cholesky decomposition; Folkestad/Kjonstad/Koch JCP 150, 194112 (2019); exact at threshold) or CDFit (density fitting on a per-atom CD-derived auxiliary basis; Lehtola JCTC 17, 6886 (2021); exact only as the orbital basis becomes complete).
     Kgwh           	           1.750e+00	Scaling constant for GWH
     LinDepThresh   	           1.000e-05	Basis set linear dependency threshold
     LinearB        	           0.000e+00	Magnetic field along bond axis
     LinearE        	           0.000e+00	Electric field along bond (z) axis
     LinearFreeze   	               false	If using linear symmetry, freeze symmetry to input guess
     LinearOccupationFile	         linoccs.dat	File to read linear occupations from
     LinearOccupations	                   0	Read in occupations for linear molecule calculations?
     LinearSymmetry 	                true	Do special calculation on linear molecule along z axis
     LoadChk        	                    	Checkpoint file to load from
     Logfile        	          erkale.log	File to print out full information, stdout for screen
     MaxIter        	                 100	Maximum number of iterations in SCF cycle
     Method         	                  HF	Method used in calculation (HF or a DFT functional)
     Multiplicity   	                   4	Spin multiplicity
     NLGrid         	             50 -194	Integration grid to use for nonlocal correlation: nrad lmax
     ODA            	               false	Use optimal damping algorithm?
     OccRIK         	               false	Use the occ-RI-K algorithm (Manzer et al, JCP 143, 024113 (2015)) for density-fitted/Cholesky exchange? Gives the exact (RI) SCF energy and density but only approximate virtual orbital energies. Ignored for the four-index method.
     Occupancies    	                    	Orbital occupancies
     OptLM          	               false	If spherical harmonics used, use cartesian s and p functions?
     PZ             	               false	Perform Perdew-Zunger self-interaction correction?
     PZEthr         	           1.000e-10	Threshold for energy convergence
     PZIthr         	           1.000e-02	Threshold for initialization convergence (not too small!)
     PZNRthr        	           0.000e+00	Threshold for use of NR method in OO optimization
     PZOOthr        	           1.000e-04	Gradient threshold for OO optimization
     PZOVthr        	           1.000e-05	Gradient threshold for OV optimization
     PZimag         	                Auto	Imaginary degrees of freedom in PZ?
     PZiter         	                  20	Max number of iterations in self-consistency iteration
     PZloc          	                Auto	Initial localization before SIC calculation?
     PZlocmet       	                  FB	Initial localization method (recommend FB or IAO)
     PZmode         	                  XC	Apply PZ to the operators (in addition to J): X C D
     PZoo           	                true	Optimize OO block?
     PZov           	                true	Optimize OV block?
     PZprec         	                   1	Precondition OV block? 0: no, 1: unified, 2: orbital
     PZrand         	                true	Apply random rotation in PZ initialization? (Should be true)
     PZscale        	            Constant	Scaling for PZ: Constant, Density or Kinetic
     PZscaleExp     	           1.000e+00	Exponent in the dynamic scaling equation
     PZseed         	                   0	Seed number for randomized matrices?
     PZstab         	                   0	Stability analysis for PZ-SIC? 1 or -1 for OO, 2 or -2 for OO+OV
     PZstabThr      	           1.000e-03	Instability threshold (interpreted as -thr)
     PZw            	           1.000e+00	Weight for Perdew-Zunger self-interaction correction
     Restricted     	               false	Spin restricted?
     SAPBasis       	    helfem_large.gbs	Tabulated atomic effective potential "basis set"
     SAPGrid        	                    	SAP integration grid to use: nrad lmax or leave empty
     SaveChk        	   complex_basis.chk	Checkpoint file to save to
     ScreeningThresh	           1.000e-10	Density-weighted Fock-contribution screening threshold
     Shift          	           0.000e+00	Level shift to use in Hartree
     System         	             CuC.xyz	System as an xyz file
     TRRHminS       	           9.750e-01	Trust-Region Roothaan-Hall minimal occupied orbital overlap
     UseADIIS       	                true	Use ADIIS for Fock matrix interpolation?
     UseBroyden     	               false	Use Broyden mixing of Fock matrices?
     UseDIIS        	                true	Use Pulay's Direct Inversion in the Iterative Subspace?
     UseLM          	                true	Use a spherical harmonics basis set by default?
     UseTRRH        	               false	Use Trust-Region Roothaan-Hall?
     VV10           	                Auto	Use VV10 non-local correlation?
     VV10Pars       	                    	VV10 parameters: b C
     Verbose        	                true	Verbose calculation?
     Verbosity      	                   5	Verboseness level

Basis set aug-cc-pVTZ found in file aug-cc-pVTZ.gbs in /home/lehtola/programs/erkale/basis/.
Basis set helfem_large.gbs found in file helfem_large.gbs in /home/lehtola/programs/erkale/basis/.
Computing repulsion integrals (two-step CD).
Two-step CD: screening reduced dofs by factor 2.09.
Two-step CD selected 1198 pivot orbital pairs after pivoting (1.26 s).
Pivot selection time use: integrals 55.5 %, linear algebra 44.5 %.
Two-step CD: pivot metric orthogonalisation reduced 1198 -> 1195 functions (0.10 s).
Two-step CD finished in 2.34 s.
Metric build / orthogonalisation time use: integrals 62.8 %, linear algebra 37.2 %.
364 shell pairs out of 378 are significant.
364 shell pairs and 2 nuclei
SAP potential formed in 0.097 s.
Smallest eigenvalue of overlap matrix is 3.96e-01, reciprocal condition number is 2.47e-01.
Using symmetric orthogonalization.
Smallest eigenvalue of overlap matrix is 3.50e-01, reciprocal condition number is 2.04e-01.
Using symmetric orthogonalization.
Smallest eigenvalue of overlap matrix is 2.77e-01, reciprocal condition number is 1.50e-01.
Using symmetric orthogonalization.
Smallest eigenvalue of overlap matrix is 3.93e-02, reciprocal condition number is 1.37e-02.
Using symmetric orthogonalization.
Smallest eigenvalue of overlap matrix is 5.10e-04, reciprocal condition number is 1.53e-04.
Using symmetric orthogonalization.
Smallest eigenvalue of overlap matrix is 3.93e-02, reciprocal condition number is 1.37e-02.
Using symmetric orthogonalization.
Smallest eigenvalue of overlap matrix is 2.77e-01, reciprocal condition number is 1.50e-01.
Using symmetric orthogonalization.
Smallest eigenvalue of overlap matrix is 3.50e-01, reciprocal condition number is 2.04e-01.
Using symmetric orthogonalization.
Smallest eigenvalue of overlap matrix is 3.96e-01, reciprocal condition number is 2.47e-01.
Using symmetric orthogonalization.
Nela = 19 Nelb = 16



Solving SCF
Evaluated energy -1545.2832863790 (change from lowest -1.545283e+03)


Iteration 1: 1 Fock evaluations energy -1545.2832863790 change -1.545283e+03 DIIS error vector rms norm 2.032031e-01
History size 1
alpha m=-2 occupations: 1
alpha m=-1 occupations: 1 1
alpha m=0 occupations: 1 1 1 1 1 1 1 1 1 1 1 1 1
alpha m=1 occupations: 1 1
alpha m=2 occupations: 1
beta m=-2 occupations: 1
beta m=-1 occupations: 1 1
beta m=0 occupations: 1 1 1 1 1 1 1 1 1 1
beta m=1 occupations: 1 1
beta m=2 occupations: 1
Switching DIIS -> ODA: DIIS max error 6.025381e+00 exceeds threshold 1.000000e+00
Optimal damping step
Degenerate orbitals: iblock iorb E
beta m=-1   2 -1.343832917
beta m=1   2 -1.343832725
beta m=-1   3 -1.343689823
beta m=1   3 -1.343689823
7 parameters in optimal damping
Roothaan step in dimension 0 yields energy -1601.9051321902 change -5.662185e+01
Roothaan step in dimension 1 yields energy -1606.4976121931 change -6.121433e+01
Roothaan step in dimension 2 yields energy -1606.0018688440 change -6.071858e+01
Roothaan step in dimension 3 yields energy -1606.0018652022 change -6.071858e+01
Roothaan step in dimension 4 yields energy -1606.0018663147 change -6.071858e+01
Roothaan step in dimension 5 yields energy -1606.0018679808 change -6.071858e+01
Roothaan step in dimension 6 yields energy -1605.4838558044 change -6.020057e+01
Quadratic model minimum at lambda = (0.709553,0,0,0,0,0,0), model energy change -6.801893e+01
Trial loop: 20 candidates (1 quadratic-model + 7 cubic-axis + 12 cubic-edge); each evaluates one Fock build per scale until a descent step is found.
Density matrix difference 3.478974e-01 between lowest-energy and newest entry


Iteration 2: 9 Fock evaluations energy -1613.3022132727 change -6.801893e+01 DIIS error vector rms norm 1.199080e-01
History size 2
alpha m=-2 occupations: 0.709553 0.290447
alpha m=-1 occupations: 0.999999 0.709553 0.709553 0.709553 0.290447
alpha m=0 occupations:           1    0.999863    0.999853    0.709565    0.709553    0.709553    0.709553    0.709553    0.709553    0.290447    0.290447    0.290447    0.290447    0.290447    0.290447    0.290447    0.290447    0.290447    0.290435 0.000147417 0.000136581
alpha m=1 occupations: 0.999999 0.709553 0.709553 0.709553 0.290447
alpha m=2 occupations: 0.709553 0.290447
beta m=-2 occupations: 1
beta m=-1 occupations: 1 1
beta m=0 occupations: 1 1 1 1 1 1 1 1 1 1
beta m=1 occupations: 1 1
beta m=2 occupations: 1
Scaled steepest descent step (1 remaining in burst)
Scaled SD: trial sigma 1.000000e-03 t 5.378122e-04, energy -1622.8214583218, change -9.519245e+00
Density matrix difference 1.773894e-01 between lowest-energy and newest entry


Iteration 3: 10 Fock evaluations energy -1622.8214583218 change -9.519245e+00 DIIS error vector rms norm 9.967120e-02
History size 3
alpha m=-2 occupations: 0.709553 0.290447
alpha m=-1 occupations: 0.999999 0.709553 0.709553 0.709553 0.290447
alpha m=0 occupations:           1    0.999863    0.999853    0.709565    0.709553    0.709553    0.709553    0.709553    0.709553    0.290447    0.290447    0.290447    0.290447    0.290447    0.290447    0.290447    0.290447    0.290447    0.290435 0.000147417 0.000136581
alpha m=1 occupations: 0.999999 0.709553 0.709553 0.709553 0.290447
alpha m=2 occupations: 0.709553 0.290447
beta m=-2 occupations: 1
beta m=-1 occupations: 1 1
beta m=0 occupations: 1 1 1 1 1 1 1 1 1 1
beta m=1 occupations: 1 1
beta m=2 occupations: 1
Switching DIIS -> ODA: DIIS max error 2.350552e+00 exceeds threshold 1.000000e+00
Optimal damping step
2 parameters in optimal damping
Roothaan step in dimension 0 yields energy -1641.7316447309 change -1.891019e+01
Roothaan step in dimension 1 yields energy -1640.2867701666 change -1.746531e+01
Quadratic model minimum at lambda = (0.808718,0), model energy change -2.003079e+01
Trial loop: 3 candidates (1 quadratic-model + 1 cubic-axis + 1 cubic-edge); each evaluates one Fock build per scale until a descent step is found.
Density matrix difference 2.863025e-01 between lowest-energy and newest entry


Iteration 4: 13 Fock evaluations energy -1642.8522531339 change -2.003079e+01 DIIS error vector rms norm 9.379834e-02
History size 4
alpha m=-2 occupations:    0.863753    0.135725 0.000521649
alpha m=-1 occupations:           1    0.863775    0.135725    0.135725    0.135725 0.000500593
alpha m=0 occupations:           1     0.99996    0.999954    0.944442    0.860476    0.860417    0.859186    0.857749    0.854881    0.808742    0.808723    0.808722    0.808719    0.135725    0.135725    0.135725    0.135725    0.135721   0.0555574   0.0555568   0.0555562   0.0555554   0.0555344  0.00939544   0.0065676  0.00512413  0.00385833  0.00379871 1.48571e-06 1.40924e-06
alpha m=1 occupations:           1    0.863775    0.135725    0.135725    0.135725 0.000500592
alpha m=2 occupations:    0.863753    0.135725 0.000521649
beta m=-2 occupations: 1
beta m=-1 occupations: 1 1
beta m=0 occupations: 1 1 1 1 1 1 1 1 1 1
beta m=1 occupations: 1 1
beta m=2 occupations: 1
Scaled steepest descent step (3 remaining in burst)
Scaled SD: trial sigma 1.000000e-03 t 2.057366e-03, energy -1639.1813787571, change 3.670874e+00
Scaled SD: cubic Hermite predicts t = 7.394306e-04 (in [0, 2.057366e-03]).
Scaled SD: trial sigma 1.000000e-03 t 7.394306e-04, energy -1645.0834505355, change -2.231197e+00
Burst exit: block 2 orbitals 0, 1 have a canonical-energy gap shift -1.042791e+00 Eh (> threshold 1.000000e-02 Eh).
Density matrix difference 2.462652e-01 between lowest-energy and newest entry


Iteration 5: 15 Fock evaluations energy -1645.0834505355 change -2.231197e+00 DIIS error vector rms norm 9.126284e-02
History size 5
alpha m=-2 occupations:    0.863753    0.135725 0.000521649
alpha m=-1 occupations:           1    0.863775    0.135725    0.135725    0.135725 0.000500593
alpha m=0 occupations:           1     0.99996    0.999954    0.944442    0.860476    0.860417    0.859186    0.857749    0.854881    0.808742    0.808723    0.808722    0.808719    0.135725    0.135725    0.135725    0.135725    0.135721   0.0555574   0.0555568   0.0555562   0.0555554   0.0555344  0.00939544   0.0065676  0.00512413  0.00385833  0.00379871 1.48571e-06 1.40924e-06
alpha m=1 occupations:           1    0.863775    0.135725    0.135725    0.135725 0.000500592
alpha m=2 occupations:    0.863753    0.135725 0.000521649
beta m=-2 occupations: 1
beta m=-1 occupations: 1 1
beta m=0 occupations: 1 1 1 1 1 1 1 1 1 1
beta m=1 occupations: 1 1
beta m=2 occupations: 1
Switching DIIS -> ODA: DIIS max error 2.711886e+00 exceeds threshold 1.000000e+00
Optimal damping step
Degenerate orbitals: iblock iorb E
alpha m=-2   0 -0.435531751
alpha m=2   0 -0.435531751
3 parameters in optimal damping
Roothaan step in dimension 0 yields energy -1646.9259383943 change -1.842488e+00
Roothaan step in dimension 1 yields energy -1646.9259383942 change -1.842488e+00
Roothaan step in dimension 2 yields energy -1655.7016937343 change -1.061824e+01
Quadratic model minimum at lambda = (0,0,0.753649), model energy change -1.188851e+01
Trial loop: 7 candidates (1 quadratic-model + 3 cubic-axis + 3 cubic-edge); each evaluates one Fock build per scale until a descent step is found.
Density matrix difference 2.640869e-01 between lowest-energy and newest entry


Iteration 6: 19 Fock evaluations energy -1656.9719635427 change -1.188851e+01 DIIS error vector rms norm 4.526569e-02
History size 6
alpha m=-2 occupations:    0.863753    0.135725 0.000521649
alpha m=-1 occupations:           1    0.863775    0.135725    0.135725    0.135725 0.000500593
alpha m=0 occupations:           1     0.99996    0.999954    0.944442    0.860476    0.860417    0.859186    0.857749    0.854881    0.808742    0.808723    0.808722    0.808719    0.135725    0.135725    0.135725    0.135725    0.135721   0.0555574   0.0555568   0.0555562   0.0555554   0.0555344  0.00939544   0.0065676  0.00512413  0.00385833  0.00379871 1.48571e-06 1.40924e-06
alpha m=1 occupations:           1    0.863775    0.135725    0.135725    0.135725 0.000500592
alpha m=2 occupations:    0.863753    0.135725 0.000521649
beta m=-2 occupations: 0.246351
beta m=-1 occupations:        1 0.753649 0.246351
beta m=0 occupations:           1    0.999988    0.999985     0.97371    0.973287    0.972716    0.964812    0.755363     0.75365    0.753649    0.753649    0.753649    0.246351     0.24635    0.244637   0.0351879   0.0272845   0.0267134   0.0262901 1.50992e-05 1.24214e-05
beta m=1 occupations:        1 0.753649 0.246351
beta m=2 occupations: 0.246351
Scaled steepest descent step (2 remaining in burst)
Scaled SD: trial sigma 1.000000e-03 t 2.474777e-03, energy -1658.7675658546, change -1.795602e+00
Burst exit: block 2 orbitals 0, 1 have a canonical-energy gap shift +6.146924e-01 Eh (> threshold 1.000000e-02 Eh).
Density matrix difference 4.965883e-02 between lowest-energy and newest entry


Iteration 7: 20 Fock evaluations energy -1658.7675658546 change -1.795602e+00 DIIS error vector rms norm 4.433171e-02
History size 7
alpha m=-2 occupations:    0.863753    0.135725 0.000521649
alpha m=-1 occupations:           1    0.863775    0.135725    0.135725    0.135725 0.000500593
alpha m=0 occupations:           1     0.99996    0.999954    0.944442    0.860476    0.860417    0.859186    0.857749    0.854881    0.808742    0.808723    0.808722    0.808719    0.135725    0.135725    0.135725    0.135725    0.135721   0.0555574   0.0555568   0.0555562   0.0555554   0.0555344  0.00939544   0.0065676  0.00512413  0.00385833  0.00379871 1.48571e-06 1.40924e-06
alpha m=1 occupations:           1    0.863775    0.135725    0.135725    0.135725 0.000500592
alpha m=2 occupations:    0.863753    0.135725 0.000521649
beta m=-2 occupations: 0.246351
beta m=-1 occupations:        1 0.753649 0.246351
beta m=0 occupations:           1    0.999988    0.999985     0.97371    0.973287    0.972716    0.964812    0.755363     0.75365    0.753649    0.753649    0.753649    0.246351     0.24635    0.244637   0.0351879   0.0272845   0.0267134   0.0262901 1.50992e-05 1.24214e-05
beta m=1 occupations:        1 0.753649 0.246351
beta m=2 occupations: 0.246351
Switching DIIS -> ODA: DIIS max error 1.107183e+00 exceeds threshold 1.000000e+00
Optimal damping step
2 parameters in optimal damping
Roothaan step in dimension 0 yields energy -1668.4525941962 change -9.685028e+00
Roothaan step in dimension 1 yields energy -1665.6576632809 change -6.890097e+00
Quadratic model minimum at lambda = (0,0.906541), model energy change -6.964115e+00
Trial loop: 2 candidates (1 quadratic-model + 1 cubic-axis + 0 cubic-edge); each evaluates one Fock build per scale until a descent step is found.
Density matrix difference 2.380267e-01 between lowest-energy and newest entry


Iteration 8: 23 Fock evaluations energy -1665.7316812563 change -6.964115e+00 DIIS error vector rms norm 3.959163e-02
History size 8
alpha m=-2 occupations:    0.863753    0.135725 0.000521649
alpha m=-1 occupations:           1    0.863775    0.135725    0.135725    0.135725 0.000500593
alpha m=0 occupations:           1     0.99996    0.999954    0.944442    0.860476    0.860417    0.859186    0.857749    0.854881    0.808742    0.808723    0.808722    0.808719    0.135725    0.135725    0.135725    0.135725    0.135721   0.0555574   0.0555568   0.0555562   0.0555554   0.0555344  0.00939544   0.0065676  0.00512413  0.00385833  0.00379871 1.48571e-06 1.40924e-06
alpha m=1 occupations:           1    0.863775    0.135725    0.135725    0.135725 0.000500592
alpha m=2 occupations:    0.863753    0.135725 0.000521649
beta m=-2 occupations:   0.928278 0.00128642
beta m=-1 occupations:           1    0.929259   0.0704356 0.000305218
beta m=0 occupations:           1    0.999999    0.999999    0.997427     0.99737    0.997177     0.99642    0.976955    0.925416    0.907793   0.0704565   0.0704356   0.0704356   0.0700092   0.0230238   0.0230238  0.00452372  0.00347007  0.00259008  0.00254728  0.00162192 0.000111202 2.97044e-05 2.43828e-05 7.71201e-06 4.62761e-06
beta m=1 occupations:           1    0.929259   0.0704356 0.000305227
beta m=2 occupations:   0.928278 0.00128642
Scaled steepest descent step (5 remaining in burst)
Scaled SD: trial sigma 1.000000e-03 t 7.331829e-03, energy -1665.0301441972, change 7.015371e-01
Scaled SD: cubic Hermite predicts t = 3.406886e-03 (in [0, 7.331829e-03]).
Scaled SD: trial sigma 1.000000e-03 t 3.406886e-03, energy -1666.4756970013, change -7.440157e-01
Burst exit: block 2 orbitals 0, 1 have a canonical-energy gap shift -7.290391e-01 Eh (> threshold 1.000000e-02 Eh).
Density matrix difference 1.012280e-01 between lowest-energy and newest entry


Iteration 9: 25 Fock evaluations energy -1666.4756970013 change -7.440157e-01 DIIS error vector rms norm 3.466195e-02
History size 9
alpha m=-2 occupations:    0.863753    0.135725 0.000521649
alpha m=-1 occupations:           1    0.863775    0.135725    0.135725    0.135725 0.000500593
alpha m=0 occupations:           1     0.99996    0.999954    0.944442    0.860476    0.860417    0.859186    0.857749    0.854881    0.808742    0.808723    0.808722    0.808719    0.135725    0.135725    0.135725    0.135725    0.135721   0.0555574   0.0555568   0.0555562   0.0555554   0.0555344  0.00939544   0.0065676  0.00512413  0.00385833  0.00379871 1.48571e-06 1.40924e-06
alpha m=1 occupations:           1    0.863775    0.135725    0.135725    0.135725 0.000500592
alpha m=2 occupations:    0.863753    0.135725 0.000521649
beta m=-2 occupations:   0.928278 0.00128642
beta m=-1 occupations:           1    0.929259   0.0704356 0.000305218
beta m=0 occupations:           1    0.999999    0.999999    0.997427     0.99737    0.997177     0.99642    0.976955    0.925416    0.907793   0.0704565   0.0704356   0.0704356   0.0700092   0.0230238   0.0230238  0.00452372  0.00347007  0.00259008  0.00254728  0.00162192 0.000111202 2.97044e-05 2.43828e-05 7.71201e-06 4.62761e-06
beta m=1 occupations:           1    0.929259   0.0704356 0.000305227
beta m=2 occupations:   0.928278 0.00128642
ADIIS+DIIS step
Evaluated energy -1675.8275465234 (change from lowest -9.351850e+00)
Density matrix difference 2.559827e-01 between lowest-energy and newest entry


Iteration 10: 26 Fock evaluations energy -1675.8275465234 change -9.351850e+00 DIIS error vector rms norm 2.631979e-02
History size 10
alpha m=-2 occupations: 1
alpha m=-1 occupations: 1 1 1
alpha m=0 occupations: 1 1 1 1 1 1 1 1 1 1 1
alpha m=1 occupations: 1 1 1
alpha m=2 occupations: 1
beta m=-2 occupations: 1
beta m=-1 occupations: 1 1
beta m=0 occupations: 1 1 1 1 1 1 1 1 1 1
beta m=1 occupations: 1 1
beta m=2 occupations: 1
ADIIS+DIIS step
Evaluated energy -1673.3286025855 (change from lowest 2.498944e+00)
Density matrix difference 2.158636e-01 between lowest-energy and newest entry


Iteration 11: 27 Fock evaluations energy -1675.8275465234 change  0.000000e+00 DIIS error vector rms norm 2.631979e-02
History size 10
alpha m=-2 occupations: 1
alpha m=-1 occupations: 1 1 1
alpha m=0 occupations: 1 1 1 1 1 1 1 1 1 1 1
alpha m=1 occupations: 1 1 1
alpha m=2 occupations: 1
beta m=-2 occupations: 1
beta m=-1 occupations: 1 1
beta m=0 occupations: 1 1 1 1 1 1 1 1 1 1
beta m=1 occupations: 1 1
beta m=2 occupations: 1
EDIIS+DIIS step
Evaluated energy -1668.1808918754 (change from lowest 7.646655e+00)
Density matrix difference 3.347961e-01 between lowest-energy and newest entry


Iteration 12: 28 Fock evaluations energy -1675.8275465234 change  0.000000e+00 DIIS error vector rms norm 2.631979e-02
History size 10
alpha m=-2 occupations: 1
alpha m=-1 occupations: 1 1 1
alpha m=0 occupations: 1 1 1 1 1 1 1 1 1 1 1
alpha m=1 occupations: 1 1 1
alpha m=2 occupations: 1
beta m=-2 occupations: 1
beta m=-1 occupations: 1 1
beta m=0 occupations: 1 1 1 1 1 1 1 1 1 1
beta m=1 occupations: 1 1
beta m=2 occupations: 1
ADIIS+DIIS step
Evaluated energy -1676.4238561575 (change from lowest -5.963096e-01)
Density matrix difference 3.136010e-01 between lowest-energy and newest entry


Iteration 13: 29 Fock evaluations energy -1676.4238561575 change -5.963096e-01 DIIS error vector rms norm 5.617847e-03
History size 10
alpha m=-2 occupations: 1
alpha m=-1 occupations: 1 1 1
alpha m=0 occupations: 1 1 1 1 1 1 1 1 1 1 1
alpha m=1 occupations: 1 1 1
alpha m=2 occupations: 1
beta m=-2 occupations: 1
beta m=-1 occupations: 1 1
beta m=0 occupations: 1 1 1 1 1 1 1 1 1 1
beta m=1 occupations: 1 1
beta m=2 occupations: 1
ADIIS+DIIS step
Evaluated energy -1676.4873642363 (change from lowest -6.350808e-02)
Density matrix difference 1.604804e-02 between lowest-energy and newest entry


Iteration 14: 30 Fock evaluations energy -1676.4873642363 change -6.350808e-02 DIIS error vector rms norm 3.586707e-03
History size 10
alpha m=-2 occupations: 1
alpha m=-1 occupations: 1 1 1
alpha m=0 occupations: 1 1 1 1 1 1 1 1 1 1 1
alpha m=1 occupations: 1 1 1
alpha m=2 occupations: 1
beta m=-2 occupations: 1
beta m=-1 occupations: 1 1
beta m=0 occupations: 1 1 1 1 1 1 1 1 1 1
beta m=1 occupations: 1 1
beta m=2 occupations: 1
ADIIS+DIIS step
Evaluated energy -1676.5256892649 (change from lowest -3.832503e-02)
Density matrix difference 1.917510e-02 between lowest-energy and newest entry


Iteration 15: 31 Fock evaluations energy -1676.5256892649 change -3.832503e-02 DIIS error vector rms norm 1.717407e-03
History size 10
alpha m=-2 occupations: 1
alpha m=-1 occupations: 1 1 1
alpha m=0 occupations: 1 1 1 1 1 1 1 1 1 1 1
alpha m=1 occupations: 1 1 1
alpha m=2 occupations: 1
beta m=-2 occupations: 1
beta m=-1 occupations: 1 1
beta m=0 occupations: 1 1 1 1 1 1 1 1 1 1
beta m=1 occupations: 1 1
beta m=2 occupations: 1
ADIIS+DIIS step
Evaluated energy -1676.5368223265 (change from lowest -1.113306e-02)
Density matrix difference 1.464748e-02 between lowest-energy and newest entry


Iteration 16: 32 Fock evaluations energy -1676.5368223265 change -1.113306e-02 DIIS error vector rms norm 5.750767e-04
History size 10
alpha m=-2 occupations: 1
alpha m=-1 occupations: 1 1 1
alpha m=0 occupations: 1 1 1 1 1 1 1 1 1 1 1
alpha m=1 occupations: 1 1 1
alpha m=2 occupations: 1
beta m=-2 occupations: 1
beta m=-1 occupations: 1 1
beta m=0 occupations: 1 1 1 1 1 1 1 1 1 1
beta m=1 occupations: 1 1
beta m=2 occupations: 1
ADIIS+DIIS step
Evaluated energy -1676.5387162023 (change from lowest -1.893876e-03)
Density matrix difference 8.420767e-03 between lowest-energy and newest entry


Iteration 17: 33 Fock evaluations energy -1676.5387162023 change -1.893876e-03 DIIS error vector rms norm 2.056439e-04
History size 10
alpha m=-2 occupations: 1
alpha m=-1 occupations: 1 1 1
alpha m=0 occupations: 1 1 1 1 1 1 1 1 1 1 1
alpha m=1 occupations: 1 1 1
alpha m=2 occupations: 1
beta m=-2 occupations: 1
beta m=-1 occupations: 1 1
beta m=0 occupations: 1 1 1 1 1 1 1 1 1 1
beta m=1 occupations: 1 1
beta m=2 occupations: 1
ADIIS+DIIS step
Evaluated energy -1676.5391309492 (change from lowest -4.147469e-04)
Density matrix difference 4.930938e-03 between lowest-energy and newest entry


Iteration 18: 34 Fock evaluations energy -1676.5391309492 change -4.147469e-04 DIIS error vector rms norm 7.195255e-05
History size 10
alpha m=-2 occupations: 1
alpha m=-1 occupations: 1 1 1
alpha m=0 occupations: 1 1 1 1 1 1 1 1 1 1 1
alpha m=1 occupations: 1 1 1
alpha m=2 occupations: 1
beta m=-2 occupations: 1
beta m=-1 occupations: 1 1
beta m=0 occupations: 1 1 1 1 1 1 1 1 1 1
beta m=1 occupations: 1 1
beta m=2 occupations: 1
DIIS step
Evaluated energy -1676.5392046268 (change from lowest -7.367755e-05)
Density matrix difference 1.635638e-03 between lowest-energy and newest entry


Iteration 19: 35 Fock evaluations energy -1676.5392046268 change -7.367755e-05 DIIS error vector rms norm 4.795366e-05
History size 10
alpha m=-2 occupations: 1
alpha m=-1 occupations: 1 1 1
alpha m=0 occupations: 1 1 1 1 1 1 1 1 1 1 1
alpha m=1 occupations: 1 1 1
alpha m=2 occupations: 1
beta m=-2 occupations: 1
beta m=-1 occupations: 1 1
beta m=0 occupations: 1 1 1 1 1 1 1 1 1 1
beta m=1 occupations: 1 1
beta m=2 occupations: 1
DIIS step
Evaluated energy -1676.5392615383 (change from lowest -5.691158e-05)
Density matrix difference 2.152248e-03 between lowest-energy and newest entry


Iteration 20: 36 Fock evaluations energy -1676.5392615383 change -5.691158e-05 DIIS error vector rms norm 1.776780e-05
History size 10
alpha m=-2 occupations: 1
alpha m=-1 occupations: 1 1 1
alpha m=0 occupations: 1 1 1 1 1 1 1 1 1 1 1
alpha m=1 occupations: 1 1 1
alpha m=2 occupations: 1
beta m=-2 occupations: 1
beta m=-1 occupations: 1 1
beta m=0 occupations: 1 1 1 1 1 1 1 1 1 1
beta m=1 occupations: 1 1
beta m=2 occupations: 1
DIIS step
Evaluated energy -1676.5392725239 (change from lowest -1.098556e-05)
Density matrix difference 1.006986e-03 between lowest-energy and newest entry


Iteration 21: 37 Fock evaluations energy -1676.5392725239 change -1.098556e-05 DIIS error vector rms norm 8.703782e-06
History size 10
alpha m=-2 occupations: 1
alpha m=-1 occupations: 1 1 1
alpha m=0 occupations: 1 1 1 1 1 1 1 1 1 1 1
alpha m=1 occupations: 1 1 1
alpha m=2 occupations: 1
beta m=-2 occupations: 1
beta m=-1 occupations: 1 1
beta m=0 occupations: 1 1 1 1 1 1 1 1 1 1
beta m=1 occupations: 1 1
beta m=2 occupations: 1
DIIS step
Evaluated energy -1676.5392750712 (change from lowest -2.547311e-06)
Density matrix difference 4.967761e-04 between lowest-energy and newest entry


Iteration 22: 38 Fock evaluations energy -1676.5392750712 change -2.547311e-06 DIIS error vector rms norm 4.323696e-06
History size 10
alpha m=-2 occupations: 1
alpha m=-1 occupations: 1 1 1
alpha m=0 occupations: 1 1 1 1 1 1 1 1 1 1 1
alpha m=1 occupations: 1 1 1
alpha m=2 occupations: 1
beta m=-2 occupations: 1
beta m=-1 occupations: 1 1
beta m=0 occupations: 1 1 1 1 1 1 1 1 1 1
beta m=1 occupations: 1 1
beta m=2 occupations: 1
DIIS step
Evaluated energy -1676.5392756256 (change from lowest -5.544205e-07)
Density matrix difference 2.331163e-04 between lowest-energy and newest entry


Iteration 23: 39 Fock evaluations energy -1676.5392756256 change -5.544205e-07 DIIS error vector rms norm 1.756284e-06
History size 10
alpha m=-2 occupations: 1
alpha m=-1 occupations: 1 1 1
alpha m=0 occupations: 1 1 1 1 1 1 1 1 1 1 1
alpha m=1 occupations: 1 1 1
alpha m=2 occupations: 1
beta m=-2 occupations: 1
beta m=-1 occupations: 1 1
beta m=0 occupations: 1 1 1 1 1 1 1 1 1 1
beta m=1 occupations: 1 1
beta m=2 occupations: 1
DIIS step
Evaluated energy -1676.5392756874 (change from lowest -6.180676e-08)
Density matrix difference 8.500831e-05 between lowest-energy and newest entry


Iteration 24: 40 Fock evaluations energy -1676.5392756874 change -6.180676e-08 DIIS error vector rms norm 5.028695e-07
History size 10
Converged to energy -1676.5392756874!
SCF converged. Total energy is -1676.5392756874

Running program took 29.22 s.
